Archive member included to satisfy reference by file (symbol)

.\CortexM3\ARM_GCC_541\Debug\Design01.a(USB_CDC_1_cdc.o)
                              .\CortexM3\ARM_GCC_541\Debug\main.o (USB_CDC_1_CDC_Init)
.\CortexM3\ARM_GCC_541\Debug\Design01.a(USB_CDC_1_drv.o)
                              .\CortexM3\ARM_GCC_541\Debug\Design01.a(USB_CDC_1_cdc.o) (USB_CDC_1_currentTD)
.\CortexM3\ARM_GCC_541\Debug\Design01.a(USB_CDC_1_std.o)
                              .\CortexM3\ARM_GCC_541\Debug\Design01.a(USB_CDC_1_drv.o) (USB_CDC_1_HandleStandardRqst)
.\CortexM3\ARM_GCC_541\Debug\Design01.a(USB_CDC_1_vnd.o)
                              .\CortexM3\ARM_GCC_541\Debug\Design01.a(USB_CDC_1_drv.o) (USB_CDC_1_HandleVendorRqst)
.\CortexM3\ARM_GCC_541\Debug\Design01.a(CyDmac.o)
                              .\CortexM3\ARM_GCC_541\Debug\Cm3Start.o (CyDmacConfigure)
.\CortexM3\ARM_GCC_541\Debug\Design01.a(CyLib.o)
                              .\CortexM3\ARM_GCC_541\Debug\Cm3Start.o (CyHalt)
.\CortexM3\ARM_GCC_541\Debug\Design01.a(cyPm.o)
                              .\CortexM3\ARM_GCC_541\Debug\Design01.a(CyLib.o) (CyPmReadStatus)
.\CortexM3\ARM_GCC_541\Debug\Design01.a(DieTemp_1.o)
                              .\CortexM3\ARM_GCC_541\Debug\main.o (DieTemp_1_Start)
.\CortexM3\ARM_GCC_541\Debug\Design01.a(Cycle_ISR_1.o)
                              .\CortexM3\ARM_GCC_541\Debug\main.o (Cycle_ISR_1_Start)
.\CortexM3\ARM_GCC_541\Debug\Design01.a(Timer_1.o)
                              .\CortexM3\ARM_GCC_541\Debug\Design01.a(Cycle_ISR_1.o) (Timer_1_ReadStatusRegister)
.\CortexM3\ARM_GCC_541\Debug\Design01.a(DMA_Timer.o)
                              .\CortexM3\ARM_GCC_541\Debug\main.o (DMA_Timer_Start)
.\CortexM3\ARM_GCC_541\Debug\Design01.a(I2C_Master_1_MASTER.o)
                              .\CortexM3\ARM_GCC_541\Debug\ITG3200.o (I2C_Master_1_MasterWriteBuf)
.\CortexM3\ARM_GCC_541\Debug\Design01.a(CyBootAsmGnu.o)
                              .\CortexM3\ARM_GCC_541\Debug\cyfitter_cfg.o (CyDelayCycles)
.\CortexM3\ARM_GCC_541\Debug\Design01.a(USB_CDC_1.o)
                              .\CortexM3\ARM_GCC_541\Debug\Design01.a(USB_CDC_1_cdc.o) (USB_CDC_1_GetEPState)
.\CortexM3\ARM_GCC_541\Debug\Design01.a(USB_CDC_1_cls.o)
                              .\CortexM3\ARM_GCC_541\Debug\Design01.a(USB_CDC_1_drv.o) (USB_CDC_1_DispatchClassRqst)
.\CortexM3\ARM_GCC_541\Debug\Design01.a(USB_CDC_1_descr.o)
                              .\CortexM3\ARM_GCC_541\Debug\Design01.a(USB_CDC_1_std.o) (USB_CDC_1_idSerialNumberStringDescriptor)
.\CortexM3\ARM_GCC_541\Debug\Design01.a(USB_CDC_1_episr.o)
                              .\CortexM3\ARM_GCC_541\Debug\Design01.a(USB_CDC_1.o) (USB_CDC_1_EP_1_ISR)
.\CortexM3\ARM_GCC_541\Debug\Design01.a(USB_CDC_1_pm.o)
                              .\CortexM3\ARM_GCC_541\Debug\Design01.a(USB_CDC_1.o) (USB_CDC_1_DP_ISR)
.\CortexM3\ARM_GCC_541\Debug\Design01.a(USB_CDC_1_Dp.o)
                              .\CortexM3\ARM_GCC_541\Debug\Design01.a(USB_CDC_1.o) (USB_CDC_1_Dp_ClearInterrupt)
.\CortexM3\ARM_GCC_541\Debug\Design01.a(CyFlash.o)
                              .\CortexM3\ARM_GCC_541\Debug\Design01.a(cyPm.o) (CyFlash_SetWaitCycles)
.\CortexM3\ARM_GCC_541\Debug\Design01.a(CySpc.o)
                              .\CortexM3\ARM_GCC_541\Debug\Design01.a(DieTemp_1.o) (CySpcStart)
.\CortexM3\ARM_GCC_541\Debug\Design01.a(LED.o)
                              .\CortexM3\ARM_GCC_541\Debug\Design01.a(Cycle_ISR_1.o) (LED_Write)
.\CortexM3\ARM_GCC_541\Debug\Design01.a(I2C_Master_1.o)
                              .\CortexM3\ARM_GCC_541\Debug\Design01.a(I2C_Master_1_MASTER.o) (I2C_Master_1_state)
.\CortexM3\ARM_GCC_541\Debug\Design01.a(I2C_Master_1_INT.o)
                              .\CortexM3\ARM_GCC_541\Debug\Design01.a(I2C_Master_1.o) (I2C_Master_1_ISR)
.\CortexM3\ARM_GCC_541\Debug\Design01.a(I2C_Master_1_PM.o)
                              .\CortexM3\ARM_GCC_541\Debug\Design01.a(I2C_Master_1.o) (I2C_Master_1_backup)
c:/program files (x86)/cypress/psoc creator/4.3/psoc creator/import/gnu/arm/5.4.1/bin/../lib/gcc/arm-none-eabi/5.4.1/../../../../arm-none-eabi/lib/armv7-m\libg_nano.a(lib_a-errno.o)
                              .\CortexM3\ARM_GCC_541\Debug\Cm3Start.o (__errno)
c:/program files (x86)/cypress/psoc creator/4.3/psoc creator/import/gnu/arm/5.4.1/bin/../lib/gcc/arm-none-eabi/5.4.1/../../../../arm-none-eabi/lib/armv7-m\libg_nano.a(lib_a-exit.o)
                              c:/program files (x86)/cypress/psoc creator/4.3/psoc creator/import/gnu/arm/5.4.1/bin/../lib/gcc/arm-none-eabi/5.4.1/../../../../arm-none-eabi/lib/armv7-m/crt0.o (exit)
c:/program files (x86)/cypress/psoc creator/4.3/psoc creator/import/gnu/arm/5.4.1/bin/../lib/gcc/arm-none-eabi/5.4.1/../../../../arm-none-eabi/lib/armv7-m\libg_nano.a(lib_a-impure.o)
[...]
Memory Configuration

Name             Origin             Length             Attributes
rom              0x00000000         0x00040000         xr
ram              0x1fff8000         0x00010000         xrw
*default*        0x00000000         0xffffffff

Linker script and memory map

LOAD c:/program files (x86)/cypress/psoc creator/4.3/psoc creator/import/gnu/arm/5.4.1/bin/../lib/gcc/arm-none-eabi/5.4.1/armv7-m/crti.o
LOAD c:/program files (x86)/cypress/psoc creator/4.3/psoc creator/import/gnu/arm/5.4.1/bin/../lib/gcc/arm-none-eabi/5.4.1/armv7-m/crtbegin.o
LOAD c:/program files (x86)/cypress/psoc creator/4.3/psoc creator/import/gnu/arm/5.4.1/bin/../lib/gcc/arm-none-eabi/5.4.1/../../../../arm-none-eabi/lib/armv7-m/crt0.o
START GROUP
LOAD .\CortexM3\ARM_GCC_541\Debug\main.o
LOAD .\CortexM3\ARM_GCC_541\Debug\ITG3200.o
LOAD .\CortexM3\ARM_GCC_541\Debug\cyfitter_cfg.o
LOAD .\CortexM3\ARM_GCC_541\Debug\cymetadata.o
LOAD .\CortexM3\ARM_GCC_541\Debug\Cm3Start.o
LOAD .\CortexM3\ARM_GCC_541\Debug\Design01.a
LOAD C:\Program Files (x86)\Cypress\PSoC Creator\4.3\PSoC Creator\psoc\content\cycomponentlibrary\CyComponentLibrary.cylib\CortexM3\ARM_GCC_541\Debug\CyComponentLibrary.a
END GROUP
START GROUP
LOAD c:/program files (x86)/cypress/psoc creator/4.3/psoc creator/import/gnu/arm/5.4.1/bin/../lib/gcc/arm-none-eabi/5.4.1/armv7-m\libgcc.a
LOAD c:/program files (x86)/cypress/psoc creator/4.3/psoc creator/import/gnu/arm/5.4.1/bin/../lib/gcc/arm-none-eabi/5.4.1/../../../../arm-none-eabi/lib/armv7-m\libg_nano.a
LOAD c:/program files (x86)/cypress/psoc creator/4.3/psoc creator/import/gnu/arm/5.4.1/bin/../lib/gcc/arm-none-eabi/5.4.1/../../../../arm-none-eabi/lib/armv7-m\libc_nano.a
END GROUP
START GROUP
LOAD c:/program files (x86)/cypress/psoc creator/4.3/psoc creator/import/gnu/arm/5.4.1/bin/../lib/gcc/arm-none-eabi/5.4.1/armv7-m\libgcc.a
LOAD c:/program files (x86)/cypress/psoc creator/4.3/psoc creator/import/gnu/arm/5.4.1/bin/../lib/gcc/arm-none-eabi/5.4.1/../../../../arm-none-eabi/lib/armv7-m\libc_nano.a
END GROUP
LOAD c:/program files (x86)/cypress/psoc creator/4.3/psoc creator/import/gnu/arm/5.4.1/bin/../lib/gcc/arm-none-eabi/5.4.1/armv7-m/crtend.o
LOAD c:/program files (x86)/cypress/psoc creator/4.3/psoc creator/import/gnu/arm/5.4.1/bin/../lib/gcc/arm-none-eabi/5.4.1/armv7-m/crtn.o
START GROUP
LOAD c:/program files (x86)/cypress/psoc creator/4.3/psoc creator/import/gnu/arm/5.4.1/bin/../lib/gcc/arm-none-eabi/5.4.1/armv7-m\libgcc.a
LOAD c:/program files (x86)/cypress/psoc creator/4.3/psoc creator/import/gnu/arm/5.4.1/bin/../lib/gcc/arm-none-eabi/5.4.1/../../../../arm-none-eabi/lib/armv7-m\libc.a
LOAD c:/program files (x86)/cypress/psoc creator/4.3/psoc creator/import/gnu/arm/5.4.1/bin/../lib/gcc/arm-none-eabi/5.4.1/../../../../arm-none-eabi/lib/armv7-m\libnosys.a
END GROUP
                0x00000000                CY_APPL_ORIGIN = 0x0
                0x00000100                CY_FLASH_ROW_SIZE = 0x100
                0x00000020                CY_ECC_ROW_SIZE = 0x20
                0x00000000                CY_EE_IN_BTLDR = 0x0
                0x00000000                CY_APPL_LOADABLE = 0x0
                0x00000800                CY_EE_SIZE = 0x800
                0x00000001                CY_APPL_NUM = 0x1
                0x00000001                CY_APPL_MAX = 0x1
                0x00000040                CY_METADATA_SIZE = 0x40
                0x00000000                CY_APPL_LOADABLE = 0x0
                0x00000000                CY_CHECKSUM_EXCLUDE_SIZE = ALIGN (0x0, CY_FLASH_ROW_SIZE)
                [!provide]                PROVIDE (__cy_heap_start, _end)
                0x00000001                PROVIDE (__cy_region_num, ((__cy_regions_end - __cy_regions) / 0x10))
                0x20008000                PROVIDE (__cy_stack, (ORIGIN (ram) + LENGTH (ram)))
                [!provide]                PROVIDE (__cy_heap_end, (__cy_stack - 0x800))

.cybootloader   0x00000000        0x0
 *(.cybootloader)
                0x00000000                appl1_start = CY_APPL_ORIGIN?CY_APPL_ORIGIN:ALIGN (CY_FLASH_ROW_SIZE)
                0x0001ff00                appl2_start = (appl1_start + ALIGN ((((LENGTH (rom) - appl1_start) - (0x2 * CY_FLASH_ROW_SIZE)) / 0x2), CY_FLASH_ROW_SIZE))
                0x00000000                appl_start = (CY_APPL_NUM == 0x1)?appl1_start:appl2_start
                0x00000000                ecc_offset = ((appl_start / CY_FLASH_ROW_SIZE) * CY_ECC_ROW_SIZE)
                0x00000000                ee_offset = (CY_APPL_LOADABLE && ! (CY_EE_IN_BTLDR))?((CY_EE_SIZE / CY_APPL_MAX) * (CY_APPL_NUM - 0x1)):0x0
                0x00000800                ee_size = (CY_APPL_LOADABLE && ! (CY_EE_IN_BTLDR))?(CY_EE_SIZE / CY_APPL_MAX):CY_EE_SIZE
                [!provide]                PROVIDE (CY_ECC_OFFSET, ecc_offset)

.text           0x00000000      0xa52
 CREATE_OBJECT_SYMBOLS
                0x00000000                PROVIDE (__cy_interrupt_vector, RomVectors)
 *(.romvectors)
 .romvectors    0x00000000       0x10 .\CortexM3\ARM_GCC_541\Debug\Cm3Start.o
                0x00000000                RomVectors
                0x00000001                ASSERT ((. != __cy_interrupt_vector), No interrupt vector)
                0x00000001                ASSERT (CY_APPL_ORIGIN?(SIZEOF (.cybootloader) <= CY_APPL_ORIGIN):0x1, Wrong image location)
                0x00000010                PROVIDE (__cy_reset, Reset)
 *(.text.Reset)
 .text.Reset    0x00000010       0x18 .\CortexM3\ARM_GCC_541\Debug\Cm3Start.o
                0x00000010                Reset
                0x00000001                ASSERT ((. != __cy_reset), No reset code)
 *(.dma_init)
                0x00000001                ASSERT ((((appl_start + .) <= 0x10000) || 0x1), DMA Init must be within the first 64k of flash)
 *(.text .text.* .gnu.linkonce.t.*)
 .text          0x00000028       0x5c c:/program files (x86)/cypress/psoc creator/4.3/psoc creator/import/gnu/arm/5.4.1/bin/../lib/gcc/arm-none-eabi/5.4.1/armv7-m/crtbegin.o
 .text.main     0x00000084       0x30 .\CortexM3\ARM_GCC_541\Debug\main.o
                0x00000084                main
 .text.CyClockStartupError
                0x000000b4        0x4 .\CortexM3\ARM_GCC_541\Debug\cyfitter_cfg.o
 .text.cfg_write_bytes32
                0x000000b8       0x34 .\CortexM3\ARM_GCC_541\Debug\cyfitter_cfg.o
 .text.AnalogSetDefault
                0x000000ec       0x28 .\CortexM3\ARM_GCC_541\Debug\cyfitter_cfg.o
 .text.CYMEMZERO
                0x00000114        0xc .\CortexM3\ARM_GCC_541\Debug\cyfitter_cfg.o
 .text.ClockSetup
                0x00000120      0x104 .\CortexM3\ARM_GCC_541\Debug\cyfitter_cfg.o
 .text.CYCONFIGCPY
                0x00000224        0x8 .\CortexM3\ARM_GCC_541\Debug\cyfitter_cfg.o
 .text.cyfitter_cfg
                0x0000022c      0x104 .\CortexM3\ARM_GCC_541\Debug\cyfitter_cfg.o
                0x0000022c                cyfitter_cfg
 .text.IntDefaultHandler
                0x00000330       0x10 .\CortexM3\ARM_GCC_541\Debug\Cm3Start.o
                0x00000330                IntDefaultHandler
 .text.Start_c  0x00000340       0x4c .\CortexM3\ARM_GCC_541\Debug\Cm3Start.o
                0x00000340                Start_c
 .text.initialize_psoc
                0x0000038c       0x6c .\CortexM3\ARM_GCC_541\Debug\Cm3Start.o
                0x0000038c                initialize_psoc
 .text.USB_CDC_1_StrLen
                0x000003f8       0x14 .\CortexM3\ARM_GCC_541\Debug\Design01.a(USB_CDC_1_cdc.o)
 .text.USB_CDC_1_CDC_Init
                0x0000040c       0x98 .\CortexM3\ARM_GCC_541\Debug\Design01.a(USB_CDC_1_cdc.o)
                0x0000040c                USB_CDC_1_CDC_Init
 .text.USB_CDC_1_PutString
                0x000004a4       0xa0 .\CortexM3\ARM_GCC_541\Debug\Design01.a(USB_CDC_1_cdc.o)
                0x000004a4                USB_CDC_1_PutString
 .text.CyDmacConfigure
                0x00000544       0x34 .\CortexM3\ARM_GCC_541\Debug\Design01.a(CyDmac.o)
                0x00000544                CyDmacConfigure
 .text.CyDelayUs
                0x00000578       0x14 .\CortexM3\ARM_GCC_541\Debug\Design01.a(CyLib.o)
                0x00000578                CyDelayUs
 .text.DieTemp_1_Start
                0x0000058c       0x2c .\CortexM3\ARM_GCC_541\Debug\Design01.a(DieTemp_1.o)
                0x0000058c                DieTemp_1_Start
 .text.DieTemp_1_Query
                0x000005b8       0x84 .\CortexM3\ARM_GCC_541\Debug\Design01.a(DieTemp_1.o)
                0x000005b8                DieTemp_1_Query
 .text.DieTemp_1_GetTempT
                0x0000063c       0x48 .\CortexM3\ARM_GCC_541\Debug\Design01.a(DieTemp_1.o)
 .text.DieTemp_1_GetTemp
                0x00000684       0x20 .\CortexM3\ARM_GCC_541\Debug\Design01.a(DieTemp_1.o)
                0x00000684                DieTemp_1_GetTemp
 .text.Cycle_ISR_1_SetVector
                0x000006a4        0xc .\CortexM3\ARM_GCC_541\Debug\Design01.a(Cycle_ISR_1.o)
                0x000006a4                Cycle_ISR_1_SetVector
 .text.Cycle_ISR_1_SetPriority
                0x000006b0       0x10 .\CortexM3\ARM_GCC_541\Debug\Design01.a(Cycle_ISR_1.o)
                0x000006b0                Cycle_ISR_1_SetPriority
 .text.Cycle_ISR_1_Enable
                0x000006c0        0xc .\CortexM3\ARM_GCC_541\Debug\Design01.a(Cycle_ISR_1.o)
                0x000006c0                Cycle_ISR_1_Enable
 .text.Cycle_ISR_1_Disable
                0x000006cc        0xc .\CortexM3\ARM_GCC_541\Debug\Design01.a(Cycle_ISR_1.o)
                0x000006cc                Cycle_ISR_1_Disable
 .text.Cycle_ISR_1_Start
                0x000006d8       0x1c .\CortexM3\ARM_GCC_541\Debug\Design01.a(Cycle_ISR_1.o)
                0x000006d8                Cycle_ISR_1_Start
 .text.Cycle_ISR_1_ClearPending
                0x000006f4        0xc .\CortexM3\ARM_GCC_541\Debug\Design01.a(Cycle_ISR_1.o)
                0x000006f4                Cycle_ISR_1_ClearPending
 .text.Cycle_ISR_1_Interrupt
                0x00000700       0x1c .\CortexM3\ARM_GCC_541\Debug\Design01.a(Cycle_ISR_1.o)
                0x00000700                Cycle_ISR_1_Interrupt
 .text.Timer_1_Enable
                0x0000071c       0x10 .\CortexM3\ARM_GCC_541\Debug\Design01.a(Timer_1.o)
                0x0000071c                Timer_1_Enable
 .text.Timer_1_SetInterruptMode
                0x0000072c        0xc .\CortexM3\ARM_GCC_541\Debug\Design01.a(Timer_1.o)
                0x0000072c                Timer_1_SetInterruptMode
 .text.Timer_1_ReadStatusRegister
                0x00000738        0xc .\CortexM3\ARM_GCC_541\Debug\Design01.a(Timer_1.o)
                0x00000738                Timer_1_ReadStatusRegister
 .text.Timer_1_WritePeriod
                0x00000744        0xc .\CortexM3\ARM_GCC_541\Debug\Design01.a(Timer_1.o)
                0x00000744                Timer_1_WritePeriod
 .text.Timer_1_ReadCapture
                0x00000750        0xc .\CortexM3\ARM_GCC_541\Debug\Design01.a(Timer_1.o)
                0x00000750                Timer_1_ReadCapture
 .text.Timer_1_WriteCounter
                0x0000075c        0xc .\CortexM3\ARM_GCC_541\Debug\Design01.a(Timer_1.o)
                0x0000075c                Timer_1_WriteCounter
 .text.Timer_1_ClearFIFO
                0x00000768       0x14 .\CortexM3\ARM_GCC_541\Debug\Design01.a(Timer_1.o)
                0x00000768                Timer_1_ClearFIFO
 .text.Timer_1_Init
                0x0000077c       0x34 .\CortexM3\ARM_GCC_541\Debug\Design01.a(Timer_1.o)
                0x0000077c                Timer_1_Init
 .text.Timer_1_Start
                0x000007b0       0x1c .\CortexM3\ARM_GCC_541\Debug\Design01.a(Timer_1.o)
                0x000007b0                Timer_1_Start
 .text.DMA_Timer_Start
                0x000007cc       0x1c .\CortexM3\ARM_GCC_541\Debug\Design01.a(DMA_Timer.o)
                0x000007cc                DMA_Timer_Start
 .text          0x000007e8       0x20 .\CortexM3\ARM_GCC_541\Debug\Design01.a(CyBootAsmGnu.o)
                0x000007e8                CyDelayCycles
                0x000007f8                CyEnterCriticalSection
                0x00000800                CyExitCriticalSection
 .text.USB_CDC_1_LoadInEP
                0x00000808       0x94 .\CortexM3\ARM_GCC_541\Debug\Design01.a(USB_CDC_1.o)
                0x00000808                USB_CDC_1_LoadInEP
 .text.USB_CDC_1_EnableOutEP
                0x0000089c       0x2c .\CortexM3\ARM_GCC_541\Debug\Design01.a(USB_CDC_1.o)
                0x0000089c                USB_CDC_1_EnableOutEP
 .text.CySpcStart
                0x000008c8       0x24 .\CortexM3\ARM_GCC_541\Debug\Design01.a(CySpc.o)
                0x000008c8                CySpcStart
 .text.CySpcGetTemp
                0x000008ec       0x3c .\CortexM3\ARM_GCC_541\Debug\Design01.a(CySpc.o)
                0x000008ec                CySpcGetTemp
 .text.CySpcLock
                0x00000928       0x4c .\CortexM3\ARM_GCC_541\Debug\Design01.a(CySpc.o)
                0x00000928                CySpcLock
 .text.CySpcUnlock
                0x00000974       0x38 .\CortexM3\ARM_GCC_541\Debug\Design01.a(CySpc.o)
                0x00000974                CySpcUnlock
 .text.LED_Write
                0x000009ac       0x18 .\CortexM3\ARM_GCC_541\Debug\Design01.a(LED.o)
                0x000009ac                LED_Write
 .text.LED_Read
                0x000009c4       0x10 .\CortexM3\ARM_GCC_541\Debug\Design01.a(LED.o)
                0x000009c4                LED_Read
 .text.__errno  0x000009d4        0xc c:/program files (x86)/cypress/psoc creator/4.3/psoc creator/import/gnu/arm/5.4.1/bin/../lib/gcc/arm-none-eabi/5.4.1/../../../../arm-none-eabi/lib/armv7-m\libg_nano.a(lib_a-errno.o)
                0x000009d4                __errno
 .text.__libc_init_array
                0x000009e0       0x4c c:/program files (x86)/cypress/psoc creator/4.3/psoc creator/import/gnu/arm/5.4.1/bin/../lib/gcc/arm-none-eabi/5.4.1/../../../../arm-none-eabi/lib/armv7-m\libg_nano.a(lib_a-init.o)
                0x000009e0                __libc_init_array
 .text.memcpy   0x00000a2c       0x16 c:/program files (x86)/cypress/psoc creator/4.3/psoc creator/import/gnu/arm/5.4.1/bin/../lib/gcc/arm-none-eabi/5.4.1/../../../../arm-none-eabi/lib/armv7-m\libg_nano.a(lib_a-memcpy-stub.o)
                0x00000a2c                memcpy
 .text.memset   0x00000a42       0x10 c:/program files (x86)/cypress/psoc creator/4.3/psoc creator/import/gnu/arm/5.4.1/bin/../lib/gcc/arm-none-eabi/5.4.1/../../../../arm-none-eabi/lib/armv7-m\libg_nano.a(lib_a-memset.o)
                0x00000a42                memset
 *(.plt)
 *(.gnu.warning)
 *(.glue_7t)
 .glue_7t       0x00000a52        0x0 linker stubs
 *(.glue_7)
 .glue_7        0x00000a52        0x0 linker stubs
 *(.vfp11_veneer)
 .vfp11_veneer  0x00000a52        0x0 linker stubs
 *(.bootloader)
 *(.ARM.extab* .gnu.linkonce.armextab.*)
 *(.gcc_except_table)

.v4_bx          0x00000a54        0x0
 .v4_bx         0x00000a54        0x0 linker stubs

.iplt           0x00000a54        0x0
 .iplt          0x00000a54        0x0 c:/program files (x86)/cypress/psoc creator/4.3/psoc creator/import/gnu/arm/5.4.1/bin/../lib/gcc/arm-none-eabi/5.4.1/armv7-m/crtbegin.o

.eh_frame_hdr
 *(.eh_frame_hdr)

.eh_frame       0x00000a54        0x4
 *(.eh_frame)
 .eh_frame      0x00000a54        0x0 c:/program files (x86)/cypress/psoc creator/4.3/psoc creator/import/gnu/arm/5.4.1/bin/../lib/gcc/arm-none-eabi/5.4.1/armv7-m/crtbegin.o
 .eh_frame      0x00000a54        0x4 c:/program files (x86)/cypress/psoc creator/4.3/psoc creator/import/gnu/arm/5.4.1/bin/../lib/gcc/arm-none-eabi/5.4.1/armv7-m/crtend.o
                [!provide]                PROVIDE (__exidx_start, .)

.ARM.exidx
 *(.ARM.exidx* .gnu.linkonce.armexidx.*)
                0x00000a58                __exidx_end = .

.rodata         0x00000a58       0x78
 *(.rodata .rodata.* .gnu.linkonce.r.*)
 .rodata.str1.4
                0x00000a58        0xc .\CortexM3\ARM_GCC_541\Debug\main.o
                                  0xb (size before relaxing)
 .rodata        0x00000a64       0x30 .\CortexM3\ARM_GCC_541\Debug\cyfitter_cfg.o
 .rodata.str1.1
                0x00000a94        0x2 c:/program files (x86)/cypress/psoc creator/4.3/psoc creator/import/gnu/arm/5.4.1/bin/../lib/gcc/arm-none-eabi/5.4.1/../../../../arm-none-eabi/lib/armv7-m\libg_nano.a(lib_a-impure.o)
                0x00000a98                . = ALIGN (0x4)
 *fill*         0x00000a96        0x2 
 *(.init)
 .init          0x00000a98        0x4 c:/program files (x86)/cypress/psoc creator/4.3/psoc creator/import/gnu/arm/5.4.1/bin/../lib/gcc/arm-none-eabi/5.4.1/armv7-m/crti.o
                0x00000a98                _init
 .init          0x00000a9c        0x8 c:/program files (x86)/cypress/psoc creator/4.3/psoc creator/import/gnu/arm/5.4.1/bin/../lib/gcc/arm-none-eabi/5.4.1/armv7-m/crtn.o
                0x00000aa4                . = ALIGN (0x4)
                0x00000aa4                __preinit_array_start = .
 *(.preinit_array)
                0x00000aa4                __preinit_array_end = .
                0x00000aa4                . = ALIGN (0x4)
                0x00000aa4                __init_array_start = .
 *(SORT(.init_array.*))
 *(.init_array)
 .init_array    0x00000aa4        0x4 c:/program files (x86)/cypress/psoc creator/4.3/psoc creator/import/gnu/arm/5.4.1/bin/../lib/gcc/arm-none-eabi/5.4.1/armv7-m/crtbegin.o
 .init_array    0x00000aa8        0x4 .\CortexM3\ARM_GCC_541\Debug\Cm3Start.o
                0x00000aac                __init_array_end = .
                0x00000aac                . = ALIGN (0x4)
 *(.fini)
 .fini          0x00000aac        0x4 c:/program files (x86)/cypress/psoc creator/4.3/psoc creator/import/gnu/arm/5.4.1/bin/../lib/gcc/arm-none-eabi/5.4.1/armv7-m/crti.o
                0x00000aac                _fini
 .fini          0x00000ab0        0x8 c:/program files (x86)/cypress/psoc creator/4.3/psoc creator/import/gnu/arm/5.4.1/bin/../lib/gcc/arm-none-eabi/5.4.1/armv7-m/crtn.o
                0x00000ab8                . = ALIGN (0x4)
                0x00000ab8                __fini_array_start = .
 *(.fini_array)
 .fini_array    0x00000ab8        0x4 c:/program files (x86)/cypress/psoc creator/4.3/psoc creator/import/gnu/arm/5.4.1/bin/../lib/gcc/arm-none-eabi/5.4.1/armv7-m/crtbegin.o
 *(SORT(.fini_array.*))
                0x00000abc                __fini_array_end = .
                0x00000abc                . = ALIGN (0x4)
 *crtbegin.o(.ctors)
 *(EXCLUDE_FILE(*crtend.o) .ctors)
 *(SORT(.ctors.*))
 *crtend.o(.ctors)
                0x00000abc                . = ALIGN (0x4)
 *crtbegin.o(.dtors)
 *(EXCLUDE_FILE(*crtend.o) .dtors)
 *(SORT(.dtors.*))
 *crtend.o(.dtors)
                0x00000abc                . = ALIGN (0x4)
                0x00000abc                __cy_regions = .
                0x00000abc        0x4 LONG 0xad0 __cy_region_init_ram
                0x00000ac0        0x4 LONG 0x1fff80c8 __cy_region_start_data
                0x00000ac4        0x4 LONG 0x80 __cy_region_init_size_ram
                0x00000ac8        0x4 LONG 0xe0 __cy_region_zero_size_ram
                0x00000acc                __cy_regions_end = .
                0x00000ad0                . = ALIGN (0x8)
 *fill*         0x00000acc        0x4 
                0x00000ad0                _etext = .

.cy_checksum_exclude
                0x00000ad0        0x0
 *(.cy_checksum_exclude)

.ramvectors     0x1fff8000       0xc0
                0x1fff8000                __cy_region_start_ram = .
 *(.ramvectors)
 .ramvectors    0x1fff8000       0xc0 .\CortexM3\ARM_GCC_541\Debug\Cm3Start.o
                0x1fff8000                CyRamVectors

.noinit         0x1fff80c0        0x1
 *(.noinit)
 .noinit        0x1fff80c0        0x1 .\CortexM3\ARM_GCC_541\Debug\Design01.a(CyLib.o)
                0x1fff80c0                CyResetStatus

.data           0x1fff80c8       0x80 load address 0x00000ad0
                0x1fff80c8                __cy_region_start_data = .
 *(.jcr)
 .jcr           0x1fff80c8        0x0 c:/program files (x86)/cypress/psoc creator/4.3/psoc creator/import/gnu/arm/5.4.1/bin/../lib/gcc/arm-none-eabi/5.4.1/armv7-m/crtbegin.o
 .jcr           0x1fff80c8        0x4 c:/program files (x86)/cypress/psoc creator/4.3/psoc creator/import/gnu/arm/5.4.1/bin/../lib/gcc/arm-none-eabi/5.4.1/armv7-m/crtend.o
 *(.got.plt)
 *(.got)
 *(.shdata)
 *(.data .data.* .gnu.linkonce.d.*)
 .data          0x1fff80cc        0x8 .\CortexM3\ARM_GCC_541\Debug\Design01.a(CyDmac.o)
 .data          0x1fff80d4       0x10 .\CortexM3\ARM_GCC_541\Debug\Design01.a(CyLib.o)
                0x1fff80d4                cydelay_32k_ms
                0x1fff80d8                cydelay_freq_khz
                0x1fff80dc                cydelay_freq_mhz
                0x1fff80e0                cydelay_freq_hz
 .data.impure_data
                0x1fff80e4       0x60 c:/program files (x86)/cypress/psoc creator/4.3/psoc creator/import/gnu/arm/5.4.1/bin/../lib/gcc/arm-none-eabi/5.4.1/../../../../arm-none-eabi/lib/armv7-m\libg_nano.a(lib_a-impure.o)
 .data._impure_ptr
                0x1fff8144        0x4 c:/program files (x86)/cypress/psoc creator/4.3/psoc creator/import/gnu/arm/5.4.1/bin/../lib/gcc/arm-none-eabi/5.4.1/../../../../arm-none-eabi/lib/armv7-m\libg_nano.a(lib_a-impure.o)
                0x1fff8144                _impure_ptr
                0x1fff8148                . = ALIGN (0x8)
 *(.ram)
                0x1fff8148                _edata = .

.igot.plt       0x1fff8148        0x0 load address 0x00000b50
 .igot.plt      0x1fff8148        0x0 c:/program files (x86)/cypress/psoc creator/4.3/psoc creator/import/gnu/arm/5.4.1/bin/../lib/gcc/arm-none-eabi/5.4.1/armv7-m/crtbegin.o

.bss            0x1fff8148       0xe0 load address 0x00000b50
                0x1fff8148                PROVIDE (__bss_start__, .)
 *(.shbss)
 *(.bss .bss.* .gnu.linkonce.b.*)
 .bss           0x1fff8148       0x1c c:/program files (x86)/cypress/psoc creator/4.3/psoc creator/import/gnu/arm/5.4.1/bin/../lib/gcc/arm-none-eabi/5.4.1/armv7-m/crtbegin.o
 .bss           0x1fff8164        0x1 .\CortexM3\ARM_GCC_541\Debug\Design01.a(USB_CDC_1_cdc.o)
 .bss           0x1fff8165        0x1 .\CortexM3\ARM_GCC_541\Debug\Design01.a(Timer_1.o)
                0x1fff8165                Timer_1_initVar
 *fill*         0x1fff8166        0x2 
 .bss           0x1fff8168        0x8 .\CortexM3\ARM_GCC_541\Debug\Design01.a(CySpc.o)
                0x1fff8168                SpcLockState
 *(COMMON)
 COMMON         0x1fff8170        0x4 .\CortexM3\ARM_GCC_541\Debug\main.o
                0x1fff8170                DIEtemperature
                0x1fff8172                txChannel
                0x1fff8173                txTD
 COMMON         0x1fff8174       0x16 .\CortexM3\ARM_GCC_541\Debug\Design01.a(USB_CDC_1_cdc.o)
                0x1fff8174                USB_CDC_1_cdcDataOutEp
                0x1fff8178                USB_CDC_1_linesChanged
                0x1fff817c                USB_CDC_1_linesControlBitmap
                0x1fff8180                USB_CDC_1_serialStateBitmap
                0x1fff8184                USB_CDC_1_cdcDataInEp
                0x1fff8188                USB_CDC_1_cdcCommInInterruptEp
 *fill*         0x1fff818a        0x2 
 COMMON         0x1fff818c       0x9a .\CortexM3\ARM_GCC_541\Debug\Design01.a(USB_CDC_1_drv.o)
                0x1fff818c                USB_CDC_1_interfaceNumber
                0x1fff818d                USB_CDC_1_ep0Count
                0x1fff818e                USB_CDC_1_deviceStatus
                0x1fff818f                USB_CDC_1_lastPacketSize
                0x1fff8190                USB_CDC_1_transferByteCount
                0x1fff8194                USB_CDC_1_currentTD
                0x1fff81a0                USB_CDC_1_ep0Mode
                0x1fff81a1                USB_CDC_1_configuration
                0x1fff81a4                USB_CDC_1_interfaceClass
                0x1fff81a8                USB_CDC_1_ep0Toggle
                0x1fff81a9                USB_CDC_1_device
                0x1fff81ac                USB_CDC_1_interfaceStatus
                0x1fff81ae                USB_CDC_1_configurationChanged
                0x1fff81b0                USB_CDC_1_interfaceSettingLast
                0x1fff81b4                USB_CDC_1_interfaceSetting
                0x1fff81b8                USB_CDC_1_EP
                0x1fff8224                USB_CDC_1_transferState
                0x1fff8225                USB_CDC_1_deviceAddress
                0x1fff8228                . = ALIGN (0x8)
 *fill*         0x1fff8226        0x2 
 *(.ram.b)
                0x1fff8228                _end = .
                0x1fff8228                __end = .
                0x1fff8228                PROVIDE (end, .)
                0x1fff8228                PROVIDE (__bss_end__, .)
                0x00000ad0                __cy_region_init_ram = LOADADDR (.data)
                0x00000080                __cy_region_init_size_ram = (_edata - ADDR (.data))
                0x000000e0                __cy_region_zero_size_ram = (_end - _edata)

.heap           0x1fff8228       0x80 load address 0x00000b50
                0x1fff8228                . = _end
                0x1fff82a8                . = (. + 0x80)
 *fill*         0x1fff8228       0x80 
                0x1fff82a8                __cy_heap_limit = .

.stack          0x20007800      0x800
                0x20007800                __cy_stack_limit = .
                0x20008000                . = (. + 0x800)
 *fill*         0x20007800      0x800 
                0x00000001                ASSERT ((__cy_stack_limit >= __cy_heap_limit), region RAM overflowed with stack)
                0x00000000                cy_checksum_exclude_size = (CY_APPL_LOADABLE == 0x1)?SIZEOF (.cy_checksum_exclude):0x0
                0x00000001                ASSERT ((cy_checksum_exclude_size <= CY_CHECKSUM_EXCLUDE_SIZE), CY_BOOT: Section .cy_checksum_exclude size exceedes specified limit.)

.cyloadermeta
 *(.cyloadermeta)

.cyloadablemeta
 *(.cyloadablemeta)

.cyconfigecc    0x80000000      0x1f4
 *(.cyconfigecc)
 .cyconfigecc   0x80000000      0x1f4 .\CortexM3\ARM_GCC_541\Debug\cymetadata.o
                0x80000000                cy_meta_configecc

.cycustnvl      0x90000000        0x4
 *(.cycustnvl)
 .cycustnvl     0x90000000        0x4 .\CortexM3\ARM_GCC_541\Debug\cymetadata.o
                0x90000000                cy_meta_custnvl

.cywolatch      0x90100000        0x4
 *(.cywolatch)
 .cywolatch     0x90100000        0x4 .\CortexM3\ARM_GCC_541\Debug\cymetadata.o
                0x90100000                cy_meta_wonvl

.cyeeprom       0x90200000        0x0
 *(.cyeeprom)
                0x00000001                ASSERT ((. <= ((0x90200000 + ee_offset) + ee_size)), .cyeeprom data will not fit in EEPROM)

.cyflashprotect
                0x90400000      0x100
 *(.cyflashprotect)
 .cyflashprotect
                0x90400000      0x100 .\CortexM3\ARM_GCC_541\Debug\cymetadata.o
                0x90400000                cy_meta_flashprotect

.cymeta         0x90500000        0xc
 *(.cymeta)
 .cymeta        0x90500000        0xc .\CortexM3\ARM_GCC_541\Debug\cymetadata.o
                0x90500000                cy_metadata

.rel.dyn        0x00000b50        0x0 load address 0x9050000c
 .rel.iplt      0x00000b50        0x0 c:/program files (x86)/cypress/psoc creator/4.3/psoc creator/import/gnu/arm/5.4.1/bin/../lib/gcc/arm-none-eabi/5.4.1/armv7-m/crtbegin.o

.stab
 *(.stab)

.stabstr
 *(.stabstr)

.debug
 *(.debug)

.line
 *(.line)

.debug_srcinfo
 *(.debug_srcinfo)

.debug_sfnames
 *(.debug_sfnames)

.debug_aranges  0x00000000      0xd58
 *(.debug_aranges)
 .debug_aranges
                0x00000000       0x28 .\CortexM3\ARM_GCC_541\Debug\main.o
 .debug_aranges
                0x00000028       0x50 .\CortexM3\ARM_GCC_541\Debug\ITG3200.o
 .debug_aranges
                0x00000078       0x58 .\CortexM3\ARM_GCC_541\Debug\cyfitter_cfg.o
 .debug_aranges
                0x000000d0       0x18 .\CortexM3\ARM_GCC_541\Debug\cymetadata.o
 .debug_aranges
                0x000000e8       0x48 .\CortexM3\ARM_GCC_541\Debug\Cm3Start.o
 .debug_aranges
                0x00000130       0xe8 .\CortexM3\ARM_GCC_541\Debug\Design01.a(USB_CDC_1_cdc.o)
 .debug_aranges
                0x00000218       0x98 .\CortexM3\ARM_GCC_541\Debug\Design01.a(USB_CDC_1_drv.o)
 .debug_aranges
                0x000002b0       0x80 .\CortexM3\ARM_GCC_541\Debug\Design01.a(USB_CDC_1_std.o)
 .debug_aranges
                0x00000330       0x20 .\CortexM3\ARM_GCC_541\Debug\Design01.a(USB_CDC_1_vnd.o)
 .debug_aranges
                0x00000350       0xd8 .\CortexM3\ARM_GCC_541\Debug\Design01.a(CyDmac.o)
 .debug_aranges
                0x00000428      0x2a0 .\CortexM3\ARM_GCC_541\Debug\Design01.a(CyLib.o)
 .debug_aranges
                0x000006c8       0x98 .\CortexM3\ARM_GCC_541\Debug\Design01.a(cyPm.o)
 .debug_aranges
                0x00000760       0x40 .\CortexM3\ARM_GCC_541\Debug\Design01.a(DieTemp_1.o)
 .debug_aranges
                0x000007a0       0x80 .\CortexM3\ARM_GCC_541\Debug\Design01.a(Cycle_ISR_1.o)
 .debug_aranges
                0x00000820       0x90 .\CortexM3\ARM_GCC_541\Debug\Design01.a(Timer_1.o)
 .debug_aranges
                0x000008b0       0x70 .\CortexM3\ARM_GCC_541\Debug\Design01.a(DMA_Timer.o)
 .debug_aranges
                0x00000920       0x80 .\CortexM3\ARM_GCC_541\Debug\Design01.a(I2C_Master_1_MASTER.o)
 .debug_aranges
                0x000009a0       0x20 .\CortexM3\ARM_GCC_541\Debug\Design01.a(CyBootAsmGnu.o)
 .debug_aranges
                0x000009c0       0xc8 .\CortexM3\ARM_GCC_541\Debug\Design01.a(USB_CDC_1.o)
 .debug_aranges
                0x00000a88       0x20 .\CortexM3\ARM_GCC_541\Debug\Design01.a(USB_CDC_1_cls.o)
 .debug_aranges
                0x00000aa8       0x18 .\CortexM3\ARM_GCC_541\Debug\Design01.a(USB_CDC_1_descr.o)
 .debug_aranges
                0x00000ac0       0x40 .\CortexM3\ARM_GCC_541\Debug\Design01.a(USB_CDC_1_episr.o)
 .debug_aranges
                0x00000b00       0x40 .\CortexM3\ARM_GCC_541\Debug\Design01.a(USB_CDC_1_pm.o)
 .debug_aranges
                0x00000b40       0x48 .\CortexM3\ARM_GCC_541\Debug\Design01.a(USB_CDC_1_Dp.o)
 .debug_aranges
                0x00000b88       0x88 .\CortexM3\ARM_GCC_541\Debug\Design01.a(CyFlash.o)
 .debug_aranges
                0x00000c10       0x80 .\CortexM3\ARM_GCC_541\Debug\Design01.a(CySpc.o)
 .debug_aranges
                0x00000c90       0x38 .\CortexM3\ARM_GCC_541\Debug\Design01.a(LED.o)
 .debug_aranges
                0x00000cc8       0x38 .\CortexM3\ARM_GCC_541\Debug\Design01.a(I2C_Master_1.o)
 .debug_aranges
                0x00000d00       0x20 .\CortexM3\ARM_GCC_541\Debug\Design01.a(I2C_Master_1_INT.o)
 .debug_aranges
                0x00000d20       0x38 .\CortexM3\ARM_GCC_541\Debug\Design01.a(I2C_Master_1_PM.o)

.debug_pubnames
 *(.debug_pubnames)

.debug_info     0x00000000     0x8d4d
 *(.debug_info .gnu.linkonce.wi.*)
 .debug_info    0x00000000      0x2a1 .\CortexM3\ARM_GCC_541\Debug\main.o
 .debug_info    0x000002a1      0x47e .\CortexM3\ARM_GCC_541\Debug\ITG3200.o
 .debug_info    0x0000071f      0x52e .\CortexM3\ARM_GCC_541\Debug\cyfitter_cfg.o
 .debug_info    0x00000c4d      0x135 .\CortexM3\ARM_GCC_541\Debug\cymetadata.o
 .debug_info    0x00000d82      0x3cf .\CortexM3\ARM_GCC_541\Debug\Cm3Start.o
 .debug_info    0x00001151      0xaf7 .\CortexM3\ARM_GCC_541\Debug\Design01.a(USB_CDC_1_cdc.o)
 .debug_info    0x00001c48      0x655 .\CortexM3\ARM_GCC_541\Debug\Design01.a(USB_CDC_1_drv.o)
 .debug_info    0x0000229d      0xb26 .\CortexM3\ARM_GCC_541\Debug\Design01.a(USB_CDC_1_std.o)
 .debug_info    0x00002dc3       0xed .\CortexM3\ARM_GCC_541\Debug\Design01.a(USB_CDC_1_vnd.o)
 .debug_info    0x00002eb0      0x94e .\CortexM3\ARM_GCC_541\Debug\Design01.a(CyDmac.o)
 .debug_info    0x000037fe     0x1374 .\CortexM3\ARM_GCC_541\Debug\Design01.a(CyLib.o)
 .debug_info    0x00004b72      0xa2a .\CortexM3\ARM_GCC_541\Debug\Design01.a(cyPm.o)
 .debug_info    0x0000559c      0x2c0 .\CortexM3\ARM_GCC_541\Debug\Design01.a(DieTemp_1.o)
 .debug_info    0x0000585c      0x31c .\CortexM3\ARM_GCC_541\Debug\Design01.a(Cycle_ISR_1.o)
 .debug_info    0x00005b78      0x2f0 .\CortexM3\ARM_GCC_541\Debug\Design01.a(Timer_1.o)
 .debug_info    0x00005e68      0x283 .\CortexM3\ARM_GCC_541\Debug\Design01.a(DMA_Timer.o)
 .debug_info    0x000060eb      0x407 .\CortexM3\ARM_GCC_541\Debug\Design01.a(I2C_Master_1_MASTER.o)
 .debug_info    0x000064f2       0xa7 .\CortexM3\ARM_GCC_541\Debug\Design01.a(CyBootAsmGnu.o)
 .debug_info    0x00006599      0x993 .\CortexM3\ARM_GCC_541\Debug\Design01.a(USB_CDC_1.o)
 .debug_info    0x00006f2c      0x1de .\CortexM3\ARM_GCC_541\Debug\Design01.a(USB_CDC_1_cls.o)
 .debug_info    0x0000710a      0x2a3 .\CortexM3\ARM_GCC_541\Debug\Design01.a(USB_CDC_1_descr.o)
 .debug_info    0x000073ad      0x254 .\CortexM3\ARM_GCC_541\Debug\Design01.a(USB_CDC_1_episr.o)
 .debug_info    0x00007601      0x2e4 .\CortexM3\ARM_GCC_541\Debug\Design01.a(USB_CDC_1_pm.o)
 .debug_info    0x000078e5      0x174 .\CortexM3\ARM_GCC_541\Debug\Design01.a(USB_CDC_1_Dp.o)
 .debug_info    0x00007a59      0x64d .\CortexM3\ARM_GCC_541\Debug\Design01.a(CyFlash.o)
 .debug_info    0x000080a6      0x550 .\CortexM3\ARM_GCC_541\Debug\Design01.a(CySpc.o)
 .debug_info    0x000085f6      0x11f .\CortexM3\ARM_GCC_541\Debug\Design01.a(LED.o)
 .debug_info    0x00008715      0x2ad .\CortexM3\ARM_GCC_541\Debug\Design01.a(I2C_Master_1.o)
 .debug_info    0x000089c2      0x184 .\CortexM3\ARM_GCC_541\Debug\Design01.a(I2C_Master_1_INT.o)
 .debug_info    0x00008b46      0x207 .\CortexM3\ARM_GCC_541\Debug\Design01.a(I2C_Master_1_PM.o)

.debug_abbrev   0x00000000     0x2637
 *(.debug_abbrev)
 .debug_abbrev  0x00000000      0x110 .\CortexM3\ARM_GCC_541\Debug\main.o
 .debug_abbrev  0x00000110      0x154 .\CortexM3\ARM_GCC_541\Debug\ITG3200.o
 .debug_abbrev  0x00000264      0x1fe .\CortexM3\ARM_GCC_541\Debug\cyfitter_cfg.o
 .debug_abbrev  0x00000462       0x66 .\CortexM3\ARM_GCC_541\Debug\cymetadata.o
 .debug_abbrev  0x000004c8      0x1e8 .\CortexM3\ARM_GCC_541\Debug\Cm3Start.o
 .debug_abbrev  0x000006b0      0x245 .\CortexM3\ARM_GCC_541\Debug\Design01.a(USB_CDC_1_cdc.o)
 .debug_abbrev  0x000008f5      0x189 .\CortexM3\ARM_GCC_541\Debug\Design01.a(USB_CDC_1_drv.o)
 .debug_abbrev  0x00000a7e      0x20a .\CortexM3\ARM_GCC_541\Debug\Design01.a(USB_CDC_1_std.o)
 .debug_abbrev  0x00000c88       0x9b .\CortexM3\ARM_GCC_541\Debug\Design01.a(USB_CDC_1_vnd.o)
 .debug_abbrev  0x00000d23      0x1b2 .\CortexM3\ARM_GCC_541\Debug\Design01.a(CyDmac.o)
 .debug_abbrev  0x00000ed5      0x254 .\CortexM3\ARM_GCC_541\Debug\Design01.a(CyLib.o)
 .debug_abbrev  0x00001129      0x1ab .\CortexM3\ARM_GCC_541\Debug\Design01.a(cyPm.o)
 .debug_abbrev  0x000012d4      0x15d .\CortexM3\ARM_GCC_541\Debug\Design01.a(DieTemp_1.o)
 .debug_abbrev  0x00001431      0x16c .\CortexM3\ARM_GCC_541\Debug\Design01.a(Cycle_ISR_1.o)
 .debug_abbrev  0x0000159d      0x12b .\CortexM3\ARM_GCC_541\Debug\Design01.a(Timer_1.o)
 .debug_abbrev  0x000016c8      0x139 .\CortexM3\ARM_GCC_541\Debug\Design01.a(DMA_Timer.o)
 .debug_abbrev  0x00001801      0x13c .\CortexM3\ARM_GCC_541\Debug\Design01.a(I2C_Master_1_MASTER.o)
 .debug_abbrev  0x0000193d       0x14 .\CortexM3\ARM_GCC_541\Debug\Design01.a(CyBootAsmGnu.o)
 .debug_abbrev  0x00001951      0x215 .\CortexM3\ARM_GCC_541\Debug\Design01.a(USB_CDC_1.o)
 .debug_abbrev  0x00001b66       0xe1 .\CortexM3\ARM_GCC_541\Debug\Design01.a(USB_CDC_1_cls.o)
 .debug_abbrev  0x00001c47       0xb4 .\CortexM3\ARM_GCC_541\Debug\Design01.a(USB_CDC_1_descr.o)
 .debug_abbrev  0x00001cfb      0x11b .\CortexM3\ARM_GCC_541\Debug\Design01.a(USB_CDC_1_episr.o)
 .debug_abbrev  0x00001e16      0x108 .\CortexM3\ARM_GCC_541\Debug\Design01.a(USB_CDC_1_pm.o)
 .debug_abbrev  0x00001f1e       0x90 .\CortexM3\ARM_GCC_541\Debug\Design01.a(USB_CDC_1_Dp.o)
 .debug_abbrev  0x00001fae      0x1a7 .\CortexM3\ARM_GCC_541\Debug\Design01.a(CyFlash.o)
 .debug_abbrev  0x00002155      0x194 .\CortexM3\ARM_GCC_541\Debug\Design01.a(CySpc.o)
 .debug_abbrev  0x000022e9       0x90 .\CortexM3\ARM_GCC_541\Debug\Design01.a(LED.o)
 .debug_abbrev  0x00002379      0x10a .\CortexM3\ARM_GCC_541\Debug\Design01.a(I2C_Master_1.o)
 .debug_abbrev  0x00002483       0xb6 .\CortexM3\ARM_GCC_541\Debug\Design01.a(I2C_Master_1_INT.o)
 .debug_abbrev  0x00002539       0xfe .\CortexM3\ARM_GCC_541\Debug\Design01.a(I2C_Master_1_PM.o)

.debug_line     0x00000000     0x378c
 *(.debug_line)
 .debug_line    0x00000000      0x1e5 .\CortexM3\ARM_GCC_541\Debug\main.o
 .debug_line    0x000001e5      0x205 .\CortexM3\ARM_GCC_541\Debug\ITG3200.o
 .debug_line    0x000003ea      0x1f5 .\CortexM3\ARM_GCC_541\Debug\cyfitter_cfg.o
 .debug_line    0x000005df      0x141 .\CortexM3\ARM_GCC_541\Debug\cymetadata.o
 .debug_line    0x00000720      0x241 .\CortexM3\ARM_GCC_541\Debug\Cm3Start.o
 .debug_line    0x00000961      0x2f8 .\CortexM3\ARM_GCC_541\Debug\Design01.a(USB_CDC_1_cdc.o)
 .debug_line    0x00000c59      0x227 .\CortexM3\ARM_GCC_541\Debug\Design01.a(USB_CDC_1_drv.o)
 .debug_line    0x00000e80      0x3e8 .\CortexM3\ARM_GCC_541\Debug\Design01.a(USB_CDC_1_std.o)
 .debug_line    0x00001268       0x77 .\CortexM3\ARM_GCC_541\Debug\Design01.a(USB_CDC_1_vnd.o)
 .debug_line    0x000012df      0x2e4 .\CortexM3\ARM_GCC_541\Debug\Design01.a(CyDmac.o)
 .debug_line    0x000015c3      0x816 .\CortexM3\ARM_GCC_541\Debug\Design01.a(CyLib.o)
 .debug_line    0x00001dd9      0x367 .\CortexM3\ARM_GCC_541\Debug\Design01.a(cyPm.o)
 .debug_line    0x00002140      0x108 .\CortexM3\ARM_GCC_541\Debug\Design01.a(DieTemp_1.o)
 .debug_line    0x00002248      0x151 .\CortexM3\ARM_GCC_541\Debug\Design01.a(Cycle_ISR_1.o)
 .debug_line    0x00002399      0x172 .\CortexM3\ARM_GCC_541\Debug\Design01.a(Timer_1.o)
 .debug_line    0x0000250b      0x178 .\CortexM3\ARM_GCC_541\Debug\Design01.a(DMA_Timer.o)
 .debug_line    0x00002683      0x20f .\CortexM3\ARM_GCC_541\Debug\Design01.a(I2C_Master_1_MASTER.o)
 .debug_line    0x00002892       0x66 .\CortexM3\ARM_GCC_541\Debug\Design01.a(CyBootAsmGnu.o)
 .debug_line    0x000028f8      0x2e4 .\CortexM3\ARM_GCC_541\Debug\Design01.a(USB_CDC_1.o)
 .debug_line    0x00002bdc       0x9b .\CortexM3\ARM_GCC_541\Debug\Design01.a(USB_CDC_1_cls.o)
 .debug_line    0x00002c77       0x65 .\CortexM3\ARM_GCC_541\Debug\Design01.a(USB_CDC_1_descr.o)
 .debug_line    0x00002cdc       0xec .\CortexM3\ARM_GCC_541\Debug\Design01.a(USB_CDC_1_episr.o)
 .debug_line    0x00002dc8      0x116 .\CortexM3\ARM_GCC_541\Debug\Design01.a(USB_CDC_1_pm.o)
 .debug_line    0x00002ede       0xbd .\CortexM3\ARM_GCC_541\Debug\Design01.a(USB_CDC_1_Dp.o)
 .debug_line    0x00002f9b      0x21a .\CortexM3\ARM_GCC_541\Debug\Design01.a(CyFlash.o)
 .debug_line    0x000031b5      0x260 .\CortexM3\ARM_GCC_541\Debug\Design01.a(CySpc.o)
 .debug_line    0x00003415       0x90 .\CortexM3\ARM_GCC_541\Debug\Design01.a(LED.o)
 .debug_line    0x000034a5       0xf4 .\CortexM3\ARM_GCC_541\Debug\Design01.a(I2C_Master_1.o)
 .debug_line    0x00003599      0x126 .\CortexM3\ARM_GCC_541\Debug\Design01.a(I2C_Master_1_INT.o)
 .debug_line    0x000036bf       0xcd .\CortexM3\ARM_GCC_541\Debug\Design01.a(I2C_Master_1_PM.o)

.debug_frame    0x00000000     0x2174
 *(.debug_frame)
 .debug_frame   0x00000000       0x4c .\CortexM3\ARM_GCC_541\Debug\main.o
 .debug_frame   0x0000004c       0xf0 .\CortexM3\ARM_GCC_541\Debug\ITG3200.o
 .debug_frame   0x0000013c       0xe4 .\CortexM3\ARM_GCC_541\Debug\cyfitter_cfg.o
 .debug_frame   0x00000220       0xb8 .\CortexM3\ARM_GCC_541\Debug\Cm3Start.o
 .debug_frame   0x000002d8      0x27c .\CortexM3\ARM_GCC_541\Debug\Design01.a(USB_CDC_1_cdc.o)
 .debug_frame   0x00000554      0x194 .\CortexM3\ARM_GCC_541\Debug\Design01.a(USB_CDC_1_drv.o)
 .debug_frame   0x000006e8      0x17c .\CortexM3\ARM_GCC_541\Debug\Design01.a(USB_CDC_1_std.o)
 .debug_frame   0x00000864       0x20 .\CortexM3\ARM_GCC_541\Debug\Design01.a(USB_CDC_1_vnd.o)
 .debug_frame   0x00000884      0x1f8 .\CortexM3\ARM_GCC_541\Debug\Design01.a(CyDmac.o)
 .debug_frame   0x00000a7c      0x738 .\CortexM3\ARM_GCC_541\Debug\Design01.a(CyLib.o)
 .debug_frame   0x000011b4      0x1f8 .\CortexM3\ARM_GCC_541\Debug\Design01.a(cyPm.o)
 .debug_frame   0x000013ac       0xa0 .\CortexM3\ARM_GCC_541\Debug\Design01.a(DieTemp_1.o)
 .debug_frame   0x0000144c      0x110 .\CortexM3\ARM_GCC_541\Debug\Design01.a(Cycle_ISR_1.o)
 .debug_frame   0x0000155c      0x124 .\CortexM3\ARM_GCC_541\Debug\Design01.a(Timer_1.o)
 .debug_frame   0x00001680       0xe0 .\CortexM3\ARM_GCC_541\Debug\Design01.a(DMA_Timer.o)
 .debug_frame   0x00001760      0x138 .\CortexM3\ARM_GCC_541\Debug\Design01.a(I2C_Master_1_MASTER.o)
 .debug_frame   0x00001898      0x1dc .\CortexM3\ARM_GCC_541\Debug\Design01.a(USB_CDC_1.o)
 .debug_frame   0x00001a74       0x2c .\CortexM3\ARM_GCC_541\Debug\Design01.a(USB_CDC_1_cls.o)
 .debug_frame   0x00001aa0       0x6c .\CortexM3\ARM_GCC_541\Debug\Design01.a(USB_CDC_1_episr.o)
 .debug_frame   0x00001b0c       0xa0 .\CortexM3\ARM_GCC_541\Debug\Design01.a(USB_CDC_1_pm.o)
 .debug_frame   0x00001bac       0x70 .\CortexM3\ARM_GCC_541\Debug\Design01.a(USB_CDC_1_Dp.o)
 .debug_frame   0x00001c1c      0x194 .\CortexM3\ARM_GCC_541\Debug\Design01.a(CyFlash.o)
 .debug_frame   0x00001db0      0x180 .\CortexM3\ARM_GCC_541\Debug\Design01.a(CySpc.o)
 .debug_frame   0x00001f30       0x50 .\CortexM3\ARM_GCC_541\Debug\Design01.a(LED.o)
 .debug_frame   0x00001f80       0x94 .\CortexM3\ARM_GCC_541\Debug\Design01.a(I2C_Master_1.o)
 .debug_frame   0x00002014       0x30 .\CortexM3\ARM_GCC_541\Debug\Design01.a(I2C_Master_1_INT.o)
 .debug_frame   0x00002044       0x74 .\CortexM3\ARM_GCC_541\Debug\Design01.a(I2C_Master_1_PM.o)
 .debug_frame   0x000020b8       0x20 c:/program files (x86)/cypress/psoc creator/4.3/psoc creator/import/gnu/arm/5.4.1/bin/../lib/gcc/arm-none-eabi/5.4.1/../../../../arm-none-eabi/lib/armv7-m\libg_nano.a(lib_a-errno.o)
 .debug_frame   0x000020d8       0x28 c:/program files (x86)/cypress/psoc creator/4.3/psoc creator/import/gnu/arm/5.4.1/bin/../lib/gcc/arm-none-eabi/5.4.1/../../../../arm-none-eabi/lib/armv7-m\libg_nano.a(lib_a-exit.o)
 .debug_frame   0x00002100       0x2c c:/program files (x86)/cypress/psoc creator/4.3/psoc creator/import/gnu/arm/5.4.1/bin/../lib/gcc/arm-none-eabi/5.4.1/../../../../arm-none-eabi/lib/armv7-m\libg_nano.a(lib_a-init.o)
 .debug_frame   0x0000212c       0x28 c:/program files (x86)/cypress/psoc creator/4.3/psoc creator/import/gnu/arm/5.4.1/bin/../lib/gcc/arm-none-eabi/5.4.1/../../../../arm-none-eabi/lib/armv7-m\libg_nano.a(lib_a-memcpy-stub.o)
 .debug_frame   0x00002154       0x20 c:/program files (x86)/cypress/psoc creator/4.3/psoc creator/import/gnu/arm/5.4.1/bin/../lib/gcc/arm-none-eabi/5.4.1/../../../../arm-none-eabi/lib/armv7-m\libg_nano.a(lib_a-memset.o)

.debug_str      0x00000000     0x3418
 *(.debug_str)
 .debug_str     0x00000000      0x284 .\CortexM3\ARM_GCC_541\Debug\main.o
                                0x2d2 (size before relaxing)
 .debug_str     0x00000284      0x1c1 .\CortexM3\ARM_GCC_541\Debug\ITG3200.o
                                0x396 (size before relaxing)
 .debug_str     0x00000445      0x17d .\CortexM3\ARM_GCC_541\Debug\cyfitter_cfg.o
                                0x330 (size before relaxing)
 .debug_str     0x000005c2       0x75 .\CortexM3\ARM_GCC_541\Debug\cymetadata.o
                                0x1fb (size before relaxing)
 .debug_str     0x00000637      0x154 .\CortexM3\ARM_GCC_541\Debug\Cm3Start.o
                                0x331 (size before relaxing)
 .debug_str     0x0000078b      0x665 .\CortexM3\ARM_GCC_541\Debug\Design01.a(USB_CDC_1_cdc.o)
                                0x852 (size before relaxing)
 .debug_str     0x00000df0      0x386 .\CortexM3\ARM_GCC_541\Debug\Design01.a(USB_CDC_1_drv.o)
                                0x6b3 (size before relaxing)
 .debug_str     0x00001176      0x379 .\CortexM3\ARM_GCC_541\Debug\Design01.a(USB_CDC_1_std.o)
                                0x828 (size before relaxing)
 .debug_str     0x000014ef       0x27 .\CortexM3\ARM_GCC_541\Debug\Design01.a(USB_CDC_1_vnd.o)
                                0x20a (size before relaxing)
 .debug_str     0x00001516      0x324 .\CortexM3\ARM_GCC_541\Debug\Design01.a(CyDmac.o)
                                0x561 (size before relaxing)
 .debug_str     0x0000183a      0x7da .\CortexM3\ARM_GCC_541\Debug\Design01.a(CyLib.o)
                                0xa5e (size before relaxing)
 .debug_str     0x00002014      0x365 .\CortexM3\ARM_GCC_541\Debug\Design01.a(cyPm.o)
                                0x74a (size before relaxing)
 .debug_str     0x00002379       0x88 .\CortexM3\ARM_GCC_541\Debug\Design01.a(DieTemp_1.o)
                                0x287 (size before relaxing)
 .debug_str     0x00002401      0x156 .\CortexM3\ARM_GCC_541\Debug\Design01.a(Cycle_ISR_1.o)
                                0x33f (size before relaxing)
 .debug_str     0x00002557      0x176 .\CortexM3\ARM_GCC_541\Debug\Design01.a(Timer_1.o)
                                0x376 (size before relaxing)
 .debug_str     0x000026cd      0x16a .\CortexM3\ARM_GCC_541\Debug\Design01.a(DMA_Timer.o)
                                0x31d (size before relaxing)
 .debug_str     0x00002837      0x28f .\CortexM3\ARM_GCC_541\Debug\Design01.a(I2C_Master_1_MASTER.o)
                                0x48a (size before relaxing)
 .debug_str     0x00002ac6      0x211 .\CortexM3\ARM_GCC_541\Debug\Design01.a(USB_CDC_1.o)
                                0x6d1 (size before relaxing)
 .debug_str     0x00002cd7       0x27 .\CortexM3\ARM_GCC_541\Debug\Design01.a(USB_CDC_1_cls.o)
                                0x2d1 (size before relaxing)
 .debug_str     0x00002cfe      0x112 .\CortexM3\ARM_GCC_541\Debug\Design01.a(USB_CDC_1_descr.o)
                                0x38a (size before relaxing)
 .debug_str     0x00002e10       0x8c .\CortexM3\ARM_GCC_541\Debug\Design01.a(USB_CDC_1_episr.o)
                                0x30c (size before relaxing)
 .debug_str     0x00002e9c       0xbc .\CortexM3\ARM_GCC_541\Debug\Design01.a(USB_CDC_1_pm.o)
                                0x31f (size before relaxing)
 .debug_str     0x00002f58       0xb0 .\CortexM3\ARM_GCC_541\Debug\Design01.a(USB_CDC_1_Dp.o)
                                0x266 (size before relaxing)
 .debug_str     0x00003008      0x186 .\CortexM3\ARM_GCC_541\Debug\Design01.a(CyFlash.o)
                                0x3d7 (size before relaxing)
 .debug_str     0x0000318e       0xac .\CortexM3\ARM_GCC_541\Debug\Design01.a(CySpc.o)
                                0x34f (size before relaxing)
 .debug_str     0x0000323a       0x3e .\CortexM3\ARM_GCC_541\Debug\Design01.a(LED.o)
                                0x1ef (size before relaxing)
 .debug_str     0x00003278       0xdb .\CortexM3\ARM_GCC_541\Debug\Design01.a(I2C_Master_1.o)
                                0x364 (size before relaxing)
 .debug_str     0x00003353       0x42 .\CortexM3\ARM_GCC_541\Debug\Design01.a(I2C_Master_1_INT.o)
                                0x2d9 (size before relaxing)
 .debug_str     0x00003395       0x83 .\CortexM3\ARM_GCC_541\Debug\Design01.a(I2C_Master_1_PM.o)
                                0x2e5 (size before relaxing)

.debug_loc      0x00000000     0x463a
 *(.debug_loc)
 .debug_loc     0x00000000      0x27b .\CortexM3\ARM_GCC_541\Debug\ITG3200.o
 .debug_loc     0x0000027b      0x205 .\CortexM3\ARM_GCC_541\Debug\cyfitter_cfg.o
 .debug_loc     0x00000480      0x144 .\CortexM3\ARM_GCC_541\Debug\Cm3Start.o
 .debug_loc     0x000005c4      0x557 .\CortexM3\ARM_GCC_541\Debug\Design01.a(USB_CDC_1_cdc.o)
 .debug_loc     0x00000b1b      0x171 .\CortexM3\ARM_GCC_541\Debug\Design01.a(USB_CDC_1_drv.o)
 .debug_loc     0x00000c8c      0x945 .\CortexM3\ARM_GCC_541\Debug\Design01.a(USB_CDC_1_std.o)
 .debug_loc     0x000015d1      0xb8e .\CortexM3\ARM_GCC_541\Debug\Design01.a(CyDmac.o)
 .debug_loc     0x0000215f      0xa11 .\CortexM3\ARM_GCC_541\Debug\Design01.a(CyLib.o)
 .debug_loc     0x00002b70      0x1e4 .\CortexM3\ARM_GCC_541\Debug\Design01.a(cyPm.o)
 .debug_loc     0x00002d54      0x1bf .\CortexM3\ARM_GCC_541\Debug\Design01.a(DieTemp_1.o)
 .debug_loc     0x00002f13       0x56 .\CortexM3\ARM_GCC_541\Debug\Design01.a(Cycle_ISR_1.o)
 .debug_loc     0x00002f69       0x13 .\CortexM3\ARM_GCC_541\Debug\Design01.a(Timer_1.o)
 .debug_loc     0x00002f7c      0x12c .\CortexM3\ARM_GCC_541\Debug\Design01.a(DMA_Timer.o)
 .debug_loc     0x000030a8      0x52f .\CortexM3\ARM_GCC_541\Debug\Design01.a(I2C_Master_1_MASTER.o)
 .debug_loc     0x000035d7      0x3e1 .\CortexM3\ARM_GCC_541\Debug\Design01.a(USB_CDC_1.o)
 .debug_loc     0x000039b8       0x6a .\CortexM3\ARM_GCC_541\Debug\Design01.a(USB_CDC_1_cls.o)
 .debug_loc     0x00003a22       0x26 .\CortexM3\ARM_GCC_541\Debug\Design01.a(USB_CDC_1_pm.o)
 .debug_loc     0x00003a48       0x84 .\CortexM3\ARM_GCC_541\Debug\Design01.a(USB_CDC_1_Dp.o)
 .debug_loc     0x00003acc      0x3b2 .\CortexM3\ARM_GCC_541\Debug\Design01.a(CyFlash.o)
 .debug_loc     0x00003e7e      0x705 .\CortexM3\ARM_GCC_541\Debug\Design01.a(CySpc.o)
 .debug_loc     0x00004583       0x42 .\CortexM3\ARM_GCC_541\Debug\Design01.a(LED.o)
 .debug_loc     0x000045c5       0x39 .\CortexM3\ARM_GCC_541\Debug\Design01.a(I2C_Master_1.o)
 .debug_loc     0x000045fe       0x29 .\CortexM3\ARM_GCC_541\Debug\Design01.a(I2C_Master_1_INT.o)
 .debug_loc     0x00004627       0x13 .\CortexM3\ARM_GCC_541\Debug\Design01.a(I2C_Master_1_PM.o)

.debug_macinfo
 *(.debug_macinfo)

.debug_ranges   0x00000000      0xb70
 *(.debug_ranges)
 .debug_ranges  0x00000000       0x18 .\CortexM3\ARM_GCC_541\Debug\main.o
 .debug_ranges  0x00000018       0x40 .\CortexM3\ARM_GCC_541\Debug\ITG3200.o
 .debug_ranges  0x00000058       0x48 .\CortexM3\ARM_GCC_541\Debug\cyfitter_cfg.o
 .debug_ranges  0x000000a0       0x38 .\CortexM3\ARM_GCC_541\Debug\Cm3Start.o
 .debug_ranges  0x000000d8       0xd8 .\CortexM3\ARM_GCC_541\Debug\Design01.a(USB_CDC_1_cdc.o)
 .debug_ranges  0x000001b0       0x88 .\CortexM3\ARM_GCC_541\Debug\Design01.a(USB_CDC_1_drv.o)
 .debug_ranges  0x00000238       0x70 .\CortexM3\ARM_GCC_541\Debug\Design01.a(USB_CDC_1_std.o)
 .debug_ranges  0x000002a8       0x10 .\CortexM3\ARM_GCC_541\Debug\Design01.a(USB_CDC_1_vnd.o)
 .debug_ranges  0x000002b8       0xc8 .\CortexM3\ARM_GCC_541\Debug\Design01.a(CyDmac.o)
 .debug_ranges  0x00000380      0x290 .\CortexM3\ARM_GCC_541\Debug\Design01.a(CyLib.o)
 .debug_ranges  0x00000610       0x88 .\CortexM3\ARM_GCC_541\Debug\Design01.a(cyPm.o)
 .debug_ranges  0x00000698       0x30 .\CortexM3\ARM_GCC_541\Debug\Design01.a(DieTemp_1.o)
 .debug_ranges  0x000006c8       0x70 .\CortexM3\ARM_GCC_541\Debug\Design01.a(Cycle_ISR_1.o)
 .debug_ranges  0x00000738       0x80 .\CortexM3\ARM_GCC_541\Debug\Design01.a(Timer_1.o)
 .debug_ranges  0x000007b8       0x60 .\CortexM3\ARM_GCC_541\Debug\Design01.a(DMA_Timer.o)
 .debug_ranges  0x00000818       0x70 .\CortexM3\ARM_GCC_541\Debug\Design01.a(I2C_Master_1_MASTER.o)
 .debug_ranges  0x00000888       0xd0 .\CortexM3\ARM_GCC_541\Debug\Design01.a(USB_CDC_1.o)
 .debug_ranges  0x00000958       0x10 .\CortexM3\ARM_GCC_541\Debug\Design01.a(USB_CDC_1_cls.o)
 .debug_ranges  0x00000968       0x30 .\CortexM3\ARM_GCC_541\Debug\Design01.a(USB_CDC_1_episr.o)
 .debug_ranges  0x00000998       0x30 .\CortexM3\ARM_GCC_541\Debug\Design01.a(USB_CDC_1_pm.o)
 .debug_ranges  0x000009c8       0x38 .\CortexM3\ARM_GCC_541\Debug\Design01.a(USB_CDC_1_Dp.o)
 .debug_ranges  0x00000a00       0x78 .\CortexM3\ARM_GCC_541\Debug\Design01.a(CyFlash.o)
 .debug_ranges  0x00000a78       0x70 .\CortexM3\ARM_GCC_541\Debug\Design01.a(CySpc.o)
 .debug_ranges  0x00000ae8       0x28 .\CortexM3\ARM_GCC_541\Debug\Design01.a(LED.o)
 .debug_ranges  0x00000b10       0x28 .\CortexM3\ARM_GCC_541\Debug\Design01.a(I2C_Master_1.o)
 .debug_ranges  0x00000b38       0x10 .\CortexM3\ARM_GCC_541\Debug\Design01.a(I2C_Master_1_INT.o)
 .debug_ranges  0x00000b48       0x28 .\CortexM3\ARM_GCC_541\Debug\Design01.a(I2C_Master_1_PM.o)

.comment        0x00000000       0x6e
 .comment       0x00000000       0x6e .\CortexM3\ARM_GCC_541\Debug\main.o
                                 0x6f (size before relaxing)
 .comment       0x0000006e       0x6f .\CortexM3\ARM_GCC_541\Debug\ITG3200.o
 .comment       0x0000006e       0x6f .\CortexM3\ARM_GCC_541\Debug\cyfitter_cfg.o
 .comment       0x0000006e       0x6f .\CortexM3\ARM_GCC_541\Debug\cymetadata.o
 .comment       0x0000006e       0x6f .\CortexM3\ARM_GCC_541\Debug\Cm3Start.o
 .comment       0x0000006e       0x6f .\CortexM3\ARM_GCC_541\Debug\Design01.a(USB_CDC_1_cdc.o)
 .comment       0x0000006e       0x6f .\CortexM3\ARM_GCC_541\Debug\Design01.a(USB_CDC_1_drv.o)
 .comment       0x0000006e       0x6f .\CortexM3\ARM_GCC_541\Debug\Design01.a(USB_CDC_1_std.o)
 .comment       0x0000006e       0x6f .\CortexM3\ARM_GCC_541\Debug\Design01.a(USB_CDC_1_vnd.o)
 .comment       0x0000006e       0x6f .\CortexM3\ARM_GCC_541\Debug\Design01.a(CyDmac.o)
 .comment       0x0000006e       0x6f .\CortexM3\ARM_GCC_541\Debug\Design01.a(CyLib.o)
 .comment       0x0000006e       0x6f .\CortexM3\ARM_GCC_541\Debug\Design01.a(cyPm.o)
 .comment       0x0000006e       0x6f .\CortexM3\ARM_GCC_541\Debug\Design01.a(DieTemp_1.o)
 .comment       0x0000006e       0x6f .\CortexM3\ARM_GCC_541\Debug\Design01.a(Cycle_ISR_1.o)
 .comment       0x0000006e       0x6f .\CortexM3\ARM_GCC_541\Debug\Design01.a(Timer_1.o)
 .comment       0x0000006e       0x6f .\CortexM3\ARM_GCC_541\Debug\Design01.a(DMA_Timer.o)
 .comment       0x0000006e       0x6f .\CortexM3\ARM_GCC_541\Debug\Design01.a(I2C_Master_1_MASTER.o)
 .comment       0x0000006e       0x6f .\CortexM3\ARM_GCC_541\Debug\Design01.a(USB_CDC_1.o)
 .comment       0x0000006e       0x6f .\CortexM3\ARM_GCC_541\Debug\Design01.a(USB_CDC_1_cls.o)
 .comment       0x0000006e       0x6f .\CortexM3\ARM_GCC_541\Debug\Design01.a(USB_CDC_1_descr.o)
 .comment       0x0000006e       0x6f .\CortexM3\ARM_GCC_541\Debug\Design01.a(USB_CDC_1_episr.o)
 .comment       0x0000006e       0x6f .\CortexM3\ARM_GCC_541\Debug\Design01.a(USB_CDC_1_pm.o)
 .comment       0x0000006e       0x6f .\CortexM3\ARM_GCC_541\Debug\Design01.a(USB_CDC_1_Dp.o)
 .comment       0x0000006e       0x6f .\CortexM3\ARM_GCC_541\Debug\Design01.a(CyFlash.o)
 .comment       0x0000006e       0x6f .\CortexM3\ARM_GCC_541\Debug\Design01.a(CySpc.o)
 .comment       0x0000006e       0x6f .\CortexM3\ARM_GCC_541\Debug\Design01.a(LED.o)
 .comment       0x0000006e       0x6f .\CortexM3\ARM_GCC_541\Debug\Design01.a(I2C_Master_1.o)
 .comment       0x0000006e       0x6f .\CortexM3\ARM_GCC_541\Debug\Design01.a(I2C_Master_1_INT.o)
 .comment       0x0000006e       0x6f .\CortexM3\ARM_GCC_541\Debug\Design01.a(I2C_Master_1_PM.o)

.debug_weaknames
 *(.debug_weaknames)

.debug_funcnames
 *(.debug_funcnames)

.debug_typenames
 *(.debug_typenames)

.debug_varnames
 *(.debug_varnames)

.note.gnu.arm.ident
 *(.note.gnu.arm.ident)

.ARM.attributes
                0x00000000       0x29
 *(.ARM.attributes)
 .ARM.attributes
                0x00000000       0x1d c:/program files (x86)/cypress/psoc creator/4.3/psoc creator/import/gnu/arm/5.4.1/bin/../lib/gcc/arm-none-eabi/5.4.1/armv7-m/crti.o
 .ARM.attributes
                0x0000001d       0x2d c:/program files (x86)/cypress/psoc creator/4.3/psoc creator/import/gnu/arm/5.4.1/bin/../lib/gcc/arm-none-eabi/5.4.1/armv7-m/crtbegin.o
 .ARM.attributes
                0x0000004a       0x1b c:/program files (x86)/cypress/psoc creator/4.3/psoc creator/import/gnu/arm/5.4.1/bin/../lib/gcc/arm-none-eabi/5.4.1/../../../../arm-none-eabi/lib/armv7-m/crt0.o
 .ARM.attributes
                0x00000065       0x33 .\CortexM3\ARM_GCC_541\Debug\main.o
 .ARM.attributes
                0x00000098       0x33 .\CortexM3\ARM_GCC_541\Debug\ITG3200.o
 .ARM.attributes
                0x000000cb       0x33 .\CortexM3\ARM_GCC_541\Debug\cyfitter_cfg.o
 .ARM.attributes
                0x000000fe       0x33 .\CortexM3\ARM_GCC_541\Debug\cymetadata.o
 .ARM.attributes
                0x00000131       0x33 .\CortexM3\ARM_GCC_541\Debug\Cm3Start.o
 .ARM.attributes
                0x00000164       0x33 .\CortexM3\ARM_GCC_541\Debug\Design01.a(USB_CDC_1_cdc.o)
 .ARM.attributes
                0x00000197       0x33 .\CortexM3\ARM_GCC_541\Debug\Design01.a(USB_CDC_1_drv.o)
 .ARM.attributes
                0x000001ca       0x33 .\CortexM3\ARM_GCC_541\Debug\Design01.a(USB_CDC_1_std.o)
 .ARM.attributes
                0x000001fd       0x33 .\CortexM3\ARM_GCC_541\Debug\Design01.a(USB_CDC_1_vnd.o)
 .ARM.attributes
                0x00000230       0x33 .\CortexM3\ARM_GCC_541\Debug\Design01.a(CyDmac.o)
 .ARM.attributes
                0x00000263       0x33 .\CortexM3\ARM_GCC_541\Debug\Design01.a(CyLib.o)
 .ARM.attributes
                0x00000296       0x33 .\CortexM3\ARM_GCC_541\Debug\Design01.a(cyPm.o)
 .ARM.attributes
                0x000002c9       0x33 .\CortexM3\ARM_GCC_541\Debug\Design01.a(DieTemp_1.o)
 .ARM.attributes
                0x000002fc       0x33 .\CortexM3\ARM_GCC_541\Debug\Design01.a(Cycle_ISR_1.o)
 .ARM.attributes
                0x0000032f       0x33 .\CortexM3\ARM_GCC_541\Debug\Design01.a(Timer_1.o)
 .ARM.attributes
                0x00000362       0x33 .\CortexM3\ARM_GCC_541\Debug\Design01.a(DMA_Timer.o)
 .ARM.attributes
                0x00000395       0x33 .\CortexM3\ARM_GCC_541\Debug\Design01.a(I2C_Master_1_MASTER.o)
 .ARM.attributes
                0x000003c8       0x21 .\CortexM3\ARM_GCC_541\Debug\Design01.a(CyBootAsmGnu.o)
 .ARM.attributes
                0x000003e9       0x33 .\CortexM3\ARM_GCC_541\Debug\Design01.a(USB_CDC_1.o)
 .ARM.attributes
                0x0000041c       0x33 .\CortexM3\ARM_GCC_541\Debug\Design01.a(USB_CDC_1_cls.o)
 .ARM.attributes
                0x0000044f       0x33 .\CortexM3\ARM_GCC_541\Debug\Design01.a(USB_CDC_1_descr.o)
 .ARM.attributes
                0x00000482       0x33 .\CortexM3\ARM_GCC_541\Debug\Design01.a(USB_CDC_1_episr.o)
 .ARM.attributes
                0x000004b5       0x33 .\CortexM3\ARM_GCC_541\Debug\Design01.a(USB_CDC_1_pm.o)
 .ARM.attributes
                0x000004e8       0x33 .\CortexM3\ARM_GCC_541\Debug\Design01.a(USB_CDC_1_Dp.o)
 .ARM.attributes
                0x0000051b       0x33 .\CortexM3\ARM_GCC_541\Debug\Design01.a(CyFlash.o)
 .ARM.attributes
                0x0000054e       0x33 .\CortexM3\ARM_GCC_541\Debug\Design01.a(CySpc.o)
 .ARM.attributes
                0x00000581       0x33 .\CortexM3\ARM_GCC_541\Debug\Design01.a(LED.o)
 .ARM.attributes
                0x000005b4       0x33 .\CortexM3\ARM_GCC_541\Debug\Design01.a(I2C_Master_1.o)
 .ARM.attributes
                0x000005e7       0x33 .\CortexM3\ARM_GCC_541\Debug\Design01.a(I2C_Master_1_INT.o)
 .ARM.attributes
                0x0000061a       0x33 .\CortexM3\ARM_GCC_541\Debug\Design01.a(I2C_Master_1_PM.o)
 .ARM.attributes
                0x0000064d       0x2d c:/program files (x86)/cypress/psoc creator/4.3/psoc creator/import/gnu/arm/5.4.1/bin/../lib/gcc/arm-none-eabi/5.4.1/../../../../arm-none-eabi/lib/armv7-m\libg_nano.a(lib_a-errno.o)
 .ARM.attributes
                0x0000067a       0x2d c:/program files (x86)/cypress/psoc creator/4.3/psoc creator/import/gnu/arm/5.4.1/bin/../lib/gcc/arm-none-eabi/5.4.1/../../../../arm-none-eabi/lib/armv7-m\libg_nano.a(lib_a-exit.o)
 .ARM.attributes
                0x000006a7       0x2d c:/program files (x86)/cypress/psoc creator/4.3/psoc creator/import/gnu/arm/5.4.1/bin/../lib/gcc/arm-none-eabi/5.4.1/../../../../arm-none-eabi/lib/armv7-m\libg_nano.a(lib_a-impure.o)
 .ARM.attributes
                0x000006d4       0x2d c:/program files (x86)/cypress/psoc creator/4.3/psoc creator/import/gnu/arm/5.4.1/bin/../lib/gcc/arm-none-eabi/5.4.1/../../../../arm-none-eabi/lib/armv7-m\libg_nano.a(lib_a-init.o)
 .ARM.attributes
                0x00000701       0x2d c:/program files (x86)/cypress/psoc creator/4.3/psoc creator/import/gnu/arm/5.4.1/bin/../lib/gcc/arm-none-eabi/5.4.1/../../../../arm-none-eabi/lib/armv7-m\libg_nano.a(lib_a-memcpy-stub.o)
 .ARM.attributes
                0x0000072e       0x2d c:/program files (x86)/cypress/psoc creator/4.3/psoc creator/import/gnu/arm/5.4.1/bin/../lib/gcc/arm-none-eabi/5.4.1/../../../../arm-none-eabi/lib/armv7-m\libg_nano.a(lib_a-memset.o)
 .ARM.attributes
                0x0000075b       0x2d c:/program files (x86)/cypress/psoc creator/4.3/psoc creator/import/gnu/arm/5.4.1/bin/../lib/gcc/arm-none-eabi/5.4.1/armv7-m/crtend.o
 .ARM.attributes
                0x00000788       0x1d c:/program files (x86)/cypress/psoc creator/4.3/psoc creator/import/gnu/arm/5.4.1/bin/../lib/gcc/arm-none-eabi/5.4.1/armv7-m/crtn.o

/DISCARD/
 *(.note.GNU-stack)
OUTPUT(C:\data\GitHub\QuadroCopter\Software\Cypress_FlightController\QuadrCopter\Design01.cydsn\CortexM3\ARM_GCC_541\Debug\Design01.elf elf32-littlearm)
